2024-06-15 10:41:41 [    INFO] Testing Home Page (test_home.py:8)
2024-06-15 10:41:41 [    INFO] Testing HTML tag (test_html_tags.py:25)
2024-06-15 10:41:41 [    INFO] Assert status code 200 == 200 (test_home.py:19)
2024-06-15 10:41:41 [    INFO] 'html' tag is present in the DOM. (test_html_tags.py:37)
